000260701680070090190004500820100040004602900050003028009300074040050036703018000
020608000580009700000040000370000500600000004008000013000020000009800036000306090
200300000804062003013800200000020390507000621032006000020009140601250809000001002
020000000000600003074080000000003002080040010600500000000010780500009000000000040
