435269781682571493197834562826195347374682915951743628519326874248957136763418259
123678945584239761967145328372461589691583274458792613836924157219857436745316892
276314958854962713913875264468127395597438621132596487325789146641253879789641532
126437958895621473374985126457193862983246517612578394269314785548769231731852649
